// Jest Snapshot v1, https://goo.gl/fbAQLP

exports[`renders correctly 1`] = `
<div>
  <div
    class="spinner"
  >
    <label
      class="spinner__label"
    >
      Loadingâ€¦
    </label>
    <progress />
  </div>
</div>
`;
