// Jest Snapshot v1, https://goo.gl/fbAQLP

exports[`renders correctly 1`] = `
Object {
  "asFragment": [Function],
  "baseElement": <body>
    <div>
      <header
        class="summary"
      >
        <article
          class="summary__icon"
        >
          <svg>
            weather-sun.svg
          </svg>
        </article>
        <article
          class="summary__condition"
        >
          <div
            class="summary__overline summary__overline--status"
          >
            <div>
              Clean
            </div>
            <div>
              21°
               / 
              20°
            </div>
          </div>
          <div
            class="summary__condition__temperature"
          >
            20°
          </div>
        </article>
        <article>
          <div
            class="summary__overline"
          >
            Berlin
          </div>
          <div
            class="summary__date"
          >
            Tuesday
            <br />
            4. August
          </div>
        </article>
      </header>
    </div>
  </body>,
  "container": <div>
    <header
      class="summary"
    >
      <article
        class="summary__icon"
      >
        <svg>
          weather-sun.svg
        </svg>
      </article>
      <article
        class="summary__condition"
      >
        <div
          class="summary__overline summary__overline--status"
        >
          <div>
            Clean
          </div>
          <div>
            21°
             / 
            20°
          </div>
        </div>
        <div
          class="summary__condition__temperature"
        >
          20°
        </div>
      </article>
      <article>
        <div
          class="summary__overline"
        >
          Berlin
        </div>
        <div
          class="summary__date"
        >
          Tuesday
          <br />
          4. August
        </div>
      </article>
    </header>
  </div>,
  "debug": [Function],
  "findAllByAltText": [Function],
  "findAllByDisplayValue": [Function],
  "findAllByLabelText": [Function],
  "findAllByPlaceholderText": [Function],
  "findAllByRole": [Function],
  "findAllByTestId": [Function],
  "findAllByText": [Function],
  "findAllByTitle": [Function],
  "findByAltText": [Function],
  "findByDisplayValue": [Function],
  "findByLabelText": [Function],
  "findByPlaceholderText": [Function],
  "findByRole": [Function],
  "findByTestId": [Function],
  "findByText": [Function],
  "findByTitle": [Function],
  "getAllByAltText": [Function],
  "getAllByDisplayValue": [Function],
  "getAllByLabelText": [Function],
  "getAllByPlaceholderText": [Function],
  "getAllByRole": [Function],
  "getAllByTestId": [Function],
  "getAllByText": [Function],
  "getAllByTitle": [Function],
  "getByAltText": [Function],
  "getByDisplayValue": [Function],
  "getByLabelText": [Function],
  "getByPlaceholderText": [Function],
  "getByRole": [Function],
  "getByTestId": [Function],
  "getByText": [Function],
  "getByTitle": [Function],
  "queryAllByAltText": [Function],
  "queryAllByDisplayValue": [Function],
  "queryAllByLabelText": [Function],
  "queryAllByPlaceholderText": [Function],
  "queryAllByRole": [Function],
  "queryAllByTestId": [Function],
  "queryAllByText": [Function],
  "queryAllByTitle": [Function],
  "queryByAltText": [Function],
  "queryByDisplayValue": [Function],
  "queryByLabelText": [Function],
  "queryByPlaceholderText": [Function],
  "queryByRole": [Function],
  "queryByTestId": [Function],
  "queryByText": [Function],
  "queryByTitle": [Function],
  "rerender": [Function],
  "unmount": [Function],
}
`;
